Archive member included to satisfy reference by file (symbol)

c:/program files (x86)/atmel/studio/7.0/toolchain/avr8/avr8-gnu-toolchain/bin/../lib/gcc/avr/5.4.0/../../../../avr/lib/avr5\libm.a(addsf3.o)
                              HAL/LCD/LCD_Prog.o (__subsf3)
c:/program files (x86)/atmel/studio/7.0/toolchain/avr8/avr8-gnu-toolchain/bin/../lib/gcc/avr/5.4.0/../../../../avr/lib/avr5\libm.a(addsf3x.o)
                              c:/program files (x86)/atmel/studio/7.0/toolchain/avr8/avr8-gnu-toolchain/bin/../lib/gcc/avr/5.4.0/../../../../avr/lib/avr5\libm.a(addsf3.o) (__addsf3x)
c:/program files (x86)/atmel/studio/7.0/toolchain/avr8/avr8-gnu-toolchain/bin/../lib/gcc/avr/5.4.0/../../../../avr/lib/avr5\libm.a(cmpsf2.o)
                              HAL/LCD/LCD_Prog.o (__eqsf2)
c:/program files (x86)/atmel/studio/7.0/toolchain/avr8/avr8-gnu-toolchain/bin/../lib/gcc/avr/5.4.0/../../../../avr/lib/avr5\libm.a(fixunssfsi.o)
                              HAL/LCD/LCD_Prog.o (__fixunssfsi)
c:/program files (x86)/atmel/studio/7.0/toolchain/avr8/avr8-gnu-toolchain/bin/../lib/gcc/avr/5.4.0/../../../../avr/lib/avr5\libm.a(floatsisf.o)
                              HAL/LCD/LCD_Prog.o (__floatunsisf)
c:/program files (x86)/atmel/studio/7.0/toolchain/avr8/avr8-gnu-toolchain/bin/../lib/gcc/avr/5.4.0/../../../../avr/lib/avr5\libm.a(fp_cmp.o)
                              c:/program files (x86)/atmel/studio/7.0/toolchain/avr8/avr8-gnu-toolchain/bin/../lib/gcc/avr/5.4.0/../../../../avr/lib/avr5\libm.a(cmpsf2.o) (__fp_cmp)
c:/program files (x86)/atmel/studio/7.0/toolchain/avr8/avr8-gnu-toolchain/bin/../lib/gcc/avr/5.4.0/../../../../avr/lib/avr5\libm.a(fp_inf.o)
                              c:/program files (x86)/atmel/studio/7.0/toolchain/avr8/avr8-gnu-toolchain/bin/../lib/gcc/avr/5.4.0/../../../../avr/lib/avr5\libm.a(addsf3x.o) (__fp_inf)
c:/program files (x86)/atmel/studio/7.0/toolchain/avr8/avr8-gnu-toolchain/bin/../lib/gcc/avr/5.4.0/../../../../avr/lib/avr5\libm.a(fp_nan.o)
                              c:/program files (x86)/atmel/studio/7.0/toolchain/avr8/avr8-gnu-toolchain/bin/../lib/gcc/avr/5.4.0/../../../../avr/lib/avr5\libm.a(addsf3x.o) (__fp_nan)
c:/program files (x86)/atmel/studio/7.0/toolchain/avr8/avr8-gnu-toolchain/bin/../lib/gcc/avr/5.4.0/../../../../avr/lib/avr5\libm.a(fp_pscA.o)
                              c:/program files (x86)/atmel/studio/7.0/toolchain/avr8/avr8-gnu-toolchain/bin/../lib/gcc/avr/5.4.0/../../../../avr/lib/avr5\libm.a(addsf3x.o) (__fp_pscA)
c:/program files (x86)/atmel/studio/7.0/toolchain/avr8/avr8-gnu-toolchain/bin/../lib/gcc/avr/5.4.0/../../../../avr/lib/avr5\libm.a(fp_pscB.o)
                              c:/program files (x86)/atmel/studio/7.0/toolchain/avr8/avr8-gnu-toolchain/bin/../lib/gcc/avr/5.4.0/../../../../avr/lib/avr5\libm.a(addsf3x.o) (__fp_pscB)
c:/program files (x86)/atmel/studio/7.0/toolchain/avr8/avr8-gnu-toolchain/bin/../lib/gcc/avr/5.4.0/../../../../avr/lib/avr5\libm.a(fp_round.o)
                              c:/program files (x86)/atmel/studio/7.0/toolchain/avr8/avr8-gnu-toolchain/bin/../lib/gcc/avr/5.4.0/../../../../avr/lib/avr5\libm.a(addsf3.o) (__fp_round)
c:/program files (x86)/atmel/studio/7.0/toolchain/avr8/avr8-gnu-toolchain/bin/../lib/gcc/avr/5.4.0/../../../../avr/lib/avr5\libm.a(fp_split3.o)
                              c:/program files (x86)/atmel/studio/7.0/toolchain/avr8/avr8-gnu-toolchain/bin/../lib/gcc/avr/5.4.0/../../../../avr/lib/avr5\libm.a(addsf3x.o) (__fp_split3)
c:/program files (x86)/atmel/studio/7.0/toolchain/avr8/avr8-gnu-toolchain/bin/../lib/gcc/avr/5.4.0/../../../../avr/lib/avr5\libm.a(fp_zero.o)
                              c:/program files (x86)/atmel/studio/7.0/toolchain/avr8/avr8-gnu-toolchain/bin/../lib/gcc/avr/5.4.0/../../../../avr/lib/avr5\libm.a(addsf3x.o) (__fp_zero)
c:/program files (x86)/atmel/studio/7.0/toolchain/avr8/avr8-gnu-toolchain/bin/../lib/gcc/avr/5.4.0/../../../../avr/lib/avr5\libm.a(mulsf3.o)
                              HAL/LCD/LCD_Prog.o (__mulsf3)
c:/program files (x86)/atmel/studio/7.0/toolchain/avr8/avr8-gnu-toolchain/bin/../lib/gcc/avr/5.4.0/../../../../avr/lib/avr5\libm.a(mulsf3x.o)
                              c:/program files (x86)/atmel/studio/7.0/toolchain/avr8/avr8-gnu-toolchain/bin/../lib/gcc/avr/5.4.0/../../../../avr/lib/avr5\libm.a(mulsf3.o) (__mulsf3x)
c:/program files (x86)/atmel/studio/7.0/toolchain/avr8/avr8-gnu-toolchain/bin/../lib/gcc/avr/5.4.0/avr5\libgcc.a(_udivmodsi4.o)
                              HAL/LCD/LCD_Prog.o (__udivmodsi4)
c:/program files (x86)/atmel/studio/7.0/toolchain/avr8/avr8-gnu-toolchain/bin/../lib/gcc/avr/5.4.0/avr5\libgcc.a(_exit.o)
                              C:/Program Files (x86)/Atmel/Studio/7.0/Packs/atmel/ATmega_DFP/1.6.364/gcc/dev/atmega32/avr5/crtatmega32.o (exit)
c:/program files (x86)/atmel/studio/7.0/toolchain/avr8/avr8-gnu-toolchain/bin/../lib/gcc/avr/5.4.0/avr5\libgcc.a(_copy_data.o)
                              APP/main.o (__do_copy_data)
c:/program files (x86)/atmel/studio/7.0/toolchain/avr8/avr8-gnu-toolchain/bin/../lib/gcc/avr/5.4.0/avr5\libgcc.a(_clear_bss.o)
                              APP/main.o (__do_clear_bss)
c:/program files (x86)/atmel/studio/7.0/toolchain/avr8/avr8-gnu-toolchain/bin/../lib/gcc/avr/5.4.0/avr5\libgcc.a(_umulhisi3.o)
                              MCAL/TIMER0/TIMER0_Prog.o (__umulhisi3)
c:/program files (x86)/atmel/studio/7.0/toolchain/avr8/avr8-gnu-toolchain/bin/../lib/gcc/avr/5.4.0/avr5\libgcc.a(_muluhisi3.o)
                              MCAL/TIMER0/TIMER0_Prog.o (__muluhisi3)

Allocating common symbols
Common symbol       size              file

middle              0x2               APP/main.o
indexfinger         0x2               APP/main.o
pinky               0x2               APP/main.o
ring                0x2               APP/main.o
thumb               0x2               APP/main.o

Discarded input sections

 .data          0x00000000        0x0 C:/Program Files (x86)/Atmel/Studio/7.0/Packs/atmel/ATmega_DFP/1.6.364/gcc/dev/atmega32/avr5/crtatmega32.o
 .bss           0x00000000        0x0 C:/Program Files (x86)/Atmel/Studio/7.0/Packs/atmel/ATmega_DFP/1.6.364/gcc/dev/atmega32/avr5/crtatmega32.o
 .text          0x00000000        0x0 APP/main.o
 .data          0x00000000        0x0 APP/main.o
 .bss           0x00000000        0x0 APP/main.o
 .text          0x00000000        0x0 HAL/Buzzer/Buzzer_Config.o
 .data          0x00000000        0x0 HAL/Buzzer/Buzzer_Config.o
 .bss           0x00000000        0x0 HAL/Buzzer/Buzzer_Config.o
 .data.Buzzer_BuzzerAstrConfig
                0x00000000        0x1 HAL/Buzzer/Buzzer_Config.o
 .data.Buzzer_u8BuzzerNum
                0x00000000        0x1 HAL/Buzzer/Buzzer_Config.o
 .debug_info    0x00000000      0x16c HAL/Buzzer/Buzzer_Config.o
 .debug_abbrev  0x00000000       0x70 HAL/Buzzer/Buzzer_Config.o
 .debug_aranges
                0x00000000       0x18 HAL/Buzzer/Buzzer_Config.o
 .debug_line    0x00000000       0x92 HAL/Buzzer/Buzzer_Config.o
 .debug_str     0x00000000      0x1d6 HAL/Buzzer/Buzzer_Config.o
 .comment       0x00000000       0x31 HAL/Buzzer/Buzzer_Config.o
 .text          0x00000000        0x0 HAL/Buzzer/Buzzer_Prog.o
 .data          0x00000000        0x0 HAL/Buzzer/Buzzer_Prog.o
 .bss           0x00000000        0x0 HAL/Buzzer/Buzzer_Prog.o
 .text.Buzzer_enuInit
                0x00000000       0x4a HAL/Buzzer/Buzzer_Prog.o
 .text.Buzzer_enuON
                0x00000000       0x16 HAL/Buzzer/Buzzer_Prog.o
 .text.Buzzer_enuOFF
                0x00000000       0x16 HAL/Buzzer/Buzzer_Prog.o
 .text.Buzzer_enuToggle
                0x00000000       0x14 HAL/Buzzer/Buzzer_Prog.o
 .text.Buzzer_enuOnce
                0x00000000       0x38 HAL/Buzzer/Buzzer_Prog.o
 .text.Buzzer_enuTwice
                0x00000000       0x6c HAL/Buzzer/Buzzer_Prog.o
 .text.Buzzer_enuTriple
                0x00000000       0xa2 HAL/Buzzer/Buzzer_Prog.o
 .text.Buzzer_enuLong
                0x00000000       0x30 HAL/Buzzer/Buzzer_Prog.o
 .debug_info    0x00000000      0x742 HAL/Buzzer/Buzzer_Prog.o
 .debug_abbrev  0x00000000      0x187 HAL/Buzzer/Buzzer_Prog.o
 .debug_loc     0x00000000      0x668 HAL/Buzzer/Buzzer_Prog.o
 .debug_aranges
                0x00000000       0x58 HAL/Buzzer/Buzzer_Prog.o
 .debug_ranges  0x00000000       0x60 HAL/Buzzer/Buzzer_Prog.o
 .debug_line    0x00000000      0x3a1 HAL/Buzzer/Buzzer_Prog.o
 .debug_str     0x00000000      0x377 HAL/Buzzer/Buzzer_Prog.o
 .comment       0x00000000       0x31 HAL/Buzzer/Buzzer_Prog.o
 .debug_frame   0x00000000       0xe0 HAL/Buzzer/Buzzer_Prog.o
 .text          0x00000000        0x0 HAL/HC_05/HC_05_Prog.o
 .data          0x00000000        0x0 HAL/HC_05/HC_05_Prog.o
 .bss           0x00000000        0x0 HAL/HC_05/HC_05_Prog.o
 .text.HC_05_Init
                0x00000000        0x6 HAL/HC_05/HC_05_Prog.o
 .text.HC_05_Receive
                0x00000000        0x6 HAL/HC_05/HC_05_Prog.o
 .debug_info    0x00000000       0xd6 HAL/HC_05/HC_05_Prog.o
 .debug_abbrev  0x00000000       0x8e HAL/HC_05/HC_05_Prog.o
 .debug_aranges
                0x00000000       0x28 HAL/HC_05/HC_05_Prog.o
 .debug_ranges  0x00000000       0x18 HAL/HC_05/HC_05_Prog.o
 .debug_line    0x00000000       0xc0 HAL/HC_05/HC_05_Prog.o
 .debug_str     0x00000000      0x1c9 HAL/HC_05/HC_05_Prog.o
 .comment       0x00000000       0x31 HAL/HC_05/HC_05_Prog.o
 .debug_frame   0x00000000       0x34 HAL/HC_05/HC_05_Prog.o
 .text          0x00000000        0x0 HAL/Keypad/Keypad_Prog.o
 .data          0x00000000        0x0 HAL/Keypad/Keypad_Prog.o
 .bss           0x00000000        0x0 HAL/Keypad/Keypad_Prog.o
 .text.KEYPAD_enuInit
                0x00000000       0x84 HAL/Keypad/Keypad_Prog.o
 .rodata        0x00000000       0x10 HAL/Keypad/Keypad_Prog.o
 .text.Keypad_GetPressedKey
                0x00000000      0x14c HAL/Keypad/Keypad_Prog.o
 .debug_info    0x00000000      0x582 HAL/Keypad/Keypad_Prog.o
 .debug_abbrev  0x00000000      0x190 HAL/Keypad/Keypad_Prog.o
 .debug_loc     0x00000000      0x1ea HAL/Keypad/Keypad_Prog.o
 .debug_aranges
                0x00000000       0x28 HAL/Keypad/Keypad_Prog.o
 .debug_ranges  0x00000000       0x18 HAL/Keypad/Keypad_Prog.o
 .debug_line    0x00000000      0x29b HAL/Keypad/Keypad_Prog.o
 .debug_str     0x00000000      0x379 HAL/Keypad/Keypad_Prog.o
 .comment       0x00000000       0x31 HAL/Keypad/Keypad_Prog.o
 .debug_frame   0x00000000       0x7c HAL/Keypad/Keypad_Prog.o
 .text          0x00000000        0x0 HAL/L293D/L293D_Config.o
 .data          0x00000000        0x0 HAL/L293D/L293D_Config.o
 .bss           0x00000000        0x0 HAL/L293D/L293D_Config.o
 .data.L293D_AstrL293DConfig
                0x00000000        0x4 HAL/L293D/L293D_Config.o
 .data.DCM_u8DCMNum
                0x00000000        0x1 HAL/L293D/L293D_Config.o
 .data.L293D_u8L293DNum
                0x00000000        0x1 HAL/L293D/L293D_Config.o
 .debug_info    0x00000000      0x1e0 HAL/L293D/L293D_Config.o
 .debug_abbrev  0x00000000       0x9b HAL/L293D/L293D_Config.o
 .debug_aranges
                0x00000000       0x18 HAL/L293D/L293D_Config.o
 .debug_line    0x00000000       0xa0 HAL/L293D/L293D_Config.o
 .debug_str     0x00000000      0x1f2 HAL/L293D/L293D_Config.o
 .comment       0x00000000       0x31 HAL/L293D/L293D_Config.o
 .text          0x00000000        0x0 HAL/L293D/L293D_Prog.o
 .data          0x00000000        0x0 HAL/L293D/L293D_Prog.o
 .bss           0x00000000        0x0 HAL/L293D/L293D_Prog.o
 .text.L293D_enuInit
                0x00000000       0x7c HAL/L293D/L293D_Prog.o
 .text.L293D_enuDirection
                0x00000000       0x76 HAL/L293D/L293D_Prog.o
 .text.L293D_enuReverseDirection
                0x00000000       0x1a HAL/L293D/L293D_Prog.o
 .text.L293D_enuSpeed
                0x00000000       0x1c HAL/L293D/L293D_Prog.o
 .text.L293D_enuStart
                0x00000000        0x8 HAL/L293D/L293D_Prog.o
 .text.L293D_enuStop
                0x00000000        0x8 HAL/L293D/L293D_Prog.o
 .debug_info    0x00000000      0x51c HAL/L293D/L293D_Prog.o
 .debug_abbrev  0x00000000      0x160 HAL/L293D/L293D_Prog.o
 .debug_loc     0x00000000      0x38f HAL/L293D/L293D_Prog.o
 .debug_aranges
                0x00000000       0x48 HAL/L293D/L293D_Prog.o
 .debug_ranges  0x00000000       0x50 HAL/L293D/L293D_Prog.o
 .debug_line    0x00000000      0x27c HAL/L293D/L293D_Prog.o
 .debug_str     0x00000000      0x3af HAL/L293D/L293D_Prog.o
 .comment       0x00000000       0x31 HAL/L293D/L293D_Prog.o
 .debug_frame   0x00000000       0xb4 HAL/L293D/L293D_Prog.o
 .text          0x00000000        0x0 HAL/LCD/LCD_Prog.o
 .data          0x00000000        0x0 HAL/LCD/LCD_Prog.o
 .bss           0x00000000        0x0 HAL/LCD/LCD_Prog.o
 .text.LCD_enuWriteFloatNum
                0x00000000       0xb2 HAL/LCD/LCD_Prog.o
 .text.LCD_enuCharacterGenerator
                0x00000000       0x40 HAL/LCD/LCD_Prog.o
 .text.LCD_enuStopWatch
                0x00000000       0x72 HAL/LCD/LCD_Prog.o
 .text          0x00000000        0x0 HAL/LED/LED_Config.o
 .data          0x00000000        0x0 HAL/LED/LED_Config.o
 .bss           0x00000000        0x0 HAL/LED/LED_Config.o
 .data.LED_AstrLEDConfig
                0x00000000        0x3 HAL/LED/LED_Config.o
 .data.LED_u8LEDNum
                0x00000000        0x1 HAL/LED/LED_Config.o
 .debug_info    0x00000000      0x16c HAL/LED/LED_Config.o
 .debug_abbrev  0x00000000       0x70 HAL/LED/LED_Config.o
 .debug_aranges
                0x00000000       0x18 HAL/LED/LED_Config.o
 .debug_line    0x00000000       0x86 HAL/LED/LED_Config.o
 .debug_str     0x00000000      0x1c4 HAL/LED/LED_Config.o
 .comment       0x00000000       0x31 HAL/LED/LED_Config.o
 .text          0x00000000        0x0 HAL/LED/LED_Prog.o
 .data          0x00000000        0x0 HAL/LED/LED_Prog.o
 .bss           0x00000000        0x0 HAL/LED/LED_Prog.o
 .text.LED_enuInit
                0x00000000       0x4a HAL/LED/LED_Prog.o
 .text.LED_enuOffAll
                0x00000000       0x36 HAL/LED/LED_Prog.o
 .text.LED_enuOnAll
                0x00000000       0x36 HAL/LED/LED_Prog.o
 .text.LED_enuOn
                0x00000000       0x16 HAL/LED/LED_Prog.o
 .text.LED_enuOff
                0x00000000       0x16 HAL/LED/LED_Prog.o
 .text.LED_enuToggle
                0x00000000       0x14 HAL/LED/LED_Prog.o
 .debug_info    0x00000000      0x393 HAL/LED/LED_Prog.o
 .debug_abbrev  0x00000000      0x114 HAL/LED/LED_Prog.o
 .debug_loc     0x00000000      0x350 HAL/LED/LED_Prog.o
 .debug_aranges
                0x00000000       0x48 HAL/LED/LED_Prog.o
 .debug_ranges  0x00000000       0x80 HAL/LED/LED_Prog.o
 .debug_line    0x00000000      0x203 HAL/LED/LED_Prog.o
 .debug_str     0x00000000      0x2c1 HAL/LED/LED_Prog.o
 .comment       0x00000000       0x31 HAL/LED/LED_Prog.o
 .debug_frame   0x00000000       0xb0 HAL/LED/LED_Prog.o
 .text          0x00000000        0x0 HAL/Relay/Relay_Config.o
 .data          0x00000000        0x0 HAL/Relay/Relay_Config.o
 .bss           0x00000000        0x0 HAL/Relay/Relay_Config.o
 .data.Relay_AstrRelayConfig
                0x00000000        0x2 HAL/Relay/Relay_Config.o
 .data.Relay_u8RelayNum
                0x00000000        0x1 HAL/Relay/Relay_Config.o
 .debug_info    0x00000000      0x16c HAL/Relay/Relay_Config.o
 .debug_abbrev  0x00000000       0x70 HAL/Relay/Relay_Config.o
 .debug_aranges
                0x00000000       0x18 HAL/Relay/Relay_Config.o
 .debug_line    0x00000000       0x8e HAL/Relay/Relay_Config.o
 .debug_str     0x00000000      0x1d0 HAL/Relay/Relay_Config.o
 .comment       0x00000000       0x31 HAL/Relay/Relay_Config.o
 .text          0x00000000        0x0 HAL/Relay/Relay_Prog.o
 .data          0x00000000        0x0 HAL/Relay/Relay_Prog.o
 .bss           0x00000000        0x0 HAL/Relay/Relay_Prog.o
 .text.Relay_enuInit
                0x00000000       0x4a HAL/Relay/Relay_Prog.o
 .text.Relay_enuTrip
                0x00000000       0x16 HAL/Relay/Relay_Prog.o
 .text.Relay_enuSwitch
                0x00000000       0x16 HAL/Relay/Relay_Prog.o
 .debug_info    0x00000000      0x2ab HAL/Relay/Relay_Prog.o
 .debug_abbrev  0x00000000      0x109 HAL/Relay/Relay_Prog.o
 .debug_loc     0x00000000      0x180 HAL/Relay/Relay_Prog.o
 .debug_aranges
                0x00000000       0x30 HAL/Relay/Relay_Prog.o
 .debug_ranges  0x00000000       0x38 HAL/Relay/Relay_Prog.o
 .debug_line    0x00000000      0x14b HAL/Relay/Relay_Prog.o
 .debug_str     0x00000000      0x292 HAL/Relay/Relay_Prog.o
 .comment       0x00000000       0x31 HAL/Relay/Relay_Prog.o
 .debug_frame   0x00000000       0x60 HAL/Relay/Relay_Prog.o
 .text          0x00000000        0x0 HAL/Servo/Servo_Prog.o
 .data          0x00000000        0x0 HAL/Servo/Servo_Prog.o
 .bss           0x00000000        0x0 HAL/Servo/Servo_Prog.o
 .text.Servo_Init
                0x00000000        0x6 HAL/Servo/Servo_Prog.o
 .text.Servo_Rotate
                0x00000000        0xa HAL/Servo/Servo_Prog.o
 .debug_info    0x00000000       0xf8 HAL/Servo/Servo_Prog.o
 .debug_abbrev  0x00000000       0x8d HAL/Servo/Servo_Prog.o
 .debug_loc     0x00000000       0x21 HAL/Servo/Servo_Prog.o
 .debug_aranges
                0x00000000       0x28 HAL/Servo/Servo_Prog.o
 .debug_ranges  0x00000000       0x18 HAL/Servo/Servo_Prog.o
 .debug_line    0x00000000       0xc4 HAL/Servo/Servo_Prog.o
 .debug_str     0x00000000      0x1df HAL/Servo/Servo_Prog.o
 .comment       0x00000000       0x31 HAL/Servo/Servo_Prog.o
 .debug_frame   0x00000000       0x34 HAL/Servo/Servo_Prog.o
 .text          0x00000000        0x0 HAL/SSD/SSD_Config.o
 .data          0x00000000        0x0 HAL/SSD/SSD_Config.o
 .bss           0x00000000        0x0 HAL/SSD/SSD_Config.o
 .data.SSD_AstrSSDConfig
                0x00000000       0x14 HAL/SSD/SSD_Config.o
 .data.SSD_u8SSDNum
                0x00000000        0x1 HAL/SSD/SSD_Config.o
 .debug_info    0x00000000      0x1fd HAL/SSD/SSD_Config.o
 .debug_abbrev  0x00000000       0x9b HAL/SSD/SSD_Config.o
 .debug_aranges
                0x00000000       0x18 HAL/SSD/SSD_Config.o
 .debug_line    0x00000000       0x96 HAL/SSD/SSD_Config.o
 .debug_str     0x00000000      0x1d3 HAL/SSD/SSD_Config.o
 .comment       0x00000000       0x31 HAL/SSD/SSD_Config.o
 .text          0x00000000        0x0 HAL/SSD/SSD_Prog.o
 .data          0x00000000        0x0 HAL/SSD/SSD_Prog.o
 .bss           0x00000000        0x0 HAL/SSD/SSD_Prog.o
 .text.SSD_enuInit
                0x00000000      0x120 HAL/SSD/SSD_Prog.o
 .text.SSD_enuDisplaySingleNumber
                0x00000000      0x144 HAL/SSD/SSD_Prog.o
 .text.SSD_enuEnableDisplay
                0x00000000        0xe HAL/SSD/SSD_Prog.o
 .text.SSD_enuDisableDisplay
                0x00000000        0xe HAL/SSD/SSD_Prog.o
 .text.SSD_enuEnableDot
                0x00000000        0xe HAL/SSD/SSD_Prog.o
 .text.SSD_enuDisableDot
                0x00000000        0xe HAL/SSD/SSD_Prog.o
 .text.SSD_enuDisplayNumbers
                0x00000000       0x78 HAL/SSD/SSD_Prog.o
 .rodata.catSeg
                0x00000000       0x10 HAL/SSD/SSD_Prog.o
 .debug_info    0x00000000      0x9fc HAL/SSD/SSD_Prog.o
 .debug_abbrev  0x00000000      0x1cf HAL/SSD/SSD_Prog.o
 .debug_loc     0x00000000      0x497 HAL/SSD/SSD_Prog.o
 .debug_aranges
                0x00000000       0x50 HAL/SSD/SSD_Prog.o
 .debug_ranges  0x00000000       0x58 HAL/SSD/SSD_Prog.o
 .debug_line    0x00000000      0x417 HAL/SSD/SSD_Prog.o
 .debug_str     0x00000000      0x3b0 HAL/SSD/SSD_Prog.o
 .comment       0x00000000       0x31 HAL/SSD/SSD_Prog.o
 .debug_frame   0x00000000       0xcc HAL/SSD/SSD_Prog.o
 .text          0x00000000        0x0 HAL/Switch/Switch_Config.o
 .data          0x00000000        0x0 HAL/Switch/Switch_Config.o
 .bss           0x00000000        0x0 HAL/Switch/Switch_Config.o
 .data.Switch_AstrSwitchConfig
                0x00000000        0x6 HAL/Switch/Switch_Config.o
 .data.Switch_u8SwitchNum
                0x00000000        0x1 HAL/Switch/Switch_Config.o
 .debug_info    0x00000000      0x1c0 HAL/Switch/Switch_Config.o
 .debug_abbrev  0x00000000       0x95 HAL/Switch/Switch_Config.o
 .debug_aranges
                0x00000000       0x18 HAL/Switch/Switch_Config.o
 .debug_line    0x00000000       0xa5 HAL/Switch/Switch_Config.o
 .debug_str     0x00000000      0x213 HAL/Switch/Switch_Config.o
 .comment       0x00000000       0x31 HAL/Switch/Switch_Config.o
 .text          0x00000000        0x0 HAL/Switch/Switch_Prog.o
 .data          0x00000000        0x0 HAL/Switch/Switch_Prog.o
 .bss           0x00000000        0x0 HAL/Switch/Switch_Prog.o
 .text.Switch_enuInit
                0x00000000       0x4c HAL/Switch/Switch_Prog.o
 .text.Switch_enuGetState
                0x00000000       0xce HAL/Switch/Switch_Prog.o
 .debug_info    0x00000000      0x41b HAL/Switch/Switch_Prog.o
 .debug_abbrev  0x00000000      0x187 HAL/Switch/Switch_Prog.o
 .debug_loc     0x00000000      0x2a9 HAL/Switch/Switch_Prog.o
 .debug_aranges
                0x00000000       0x28 HAL/Switch/Switch_Prog.o
 .debug_ranges  0x00000000       0x30 HAL/Switch/Switch_Prog.o
 .debug_line    0x00000000      0x28c HAL/Switch/Switch_Prog.o
 .debug_str     0x00000000      0x37a HAL/Switch/Switch_Prog.o
 .comment       0x00000000       0x31 HAL/Switch/Switch_Prog.o
 .debug_frame   0x00000000       0x64 HAL/Switch/Switch_Prog.o
 .text          0x00000000        0x0 MCAL/ADC/ADC_Prog.o
 .data          0x00000000        0x0 MCAL/ADC/ADC_Prog.o
 .bss           0x00000000        0x0 MCAL/ADC/ADC_Prog.o
 .text.ADC_Read
                0x00000000        0xa MCAL/ADC/ADC_Prog.o
 .text          0x00000000        0x0 MCAL/DIO/DIO_Prog.o
 .data          0x00000000        0x0 MCAL/DIO/DIO_Prog.o
 .bss           0x00000000        0x0 MCAL/DIO/DIO_Prog.o
 .text.M_DIO_enuTogglePinValue
                0x00000000       0x92 MCAL/DIO/DIO_Prog.o
 .text.M_DIO_enuGetPinValue
                0x00000000       0x9e MCAL/DIO/DIO_Prog.o
 .text.M_DIO_enuSetPinInternalPullUp
                0x00000000       0x9c MCAL/DIO/DIO_Prog.o
 .text          0x00000000        0x0 MCAL/EEPROM/EEPROM_Prog.o
 .data          0x00000000        0x0 MCAL/EEPROM/EEPROM_Prog.o
 .bss           0x00000000        0x0 MCAL/EEPROM/EEPROM_Prog.o
 .text.EEPROM_write
                0x00000000       0x1e MCAL/EEPROM/EEPROM_Prog.o
 .text.EEPROM_read
                0x00000000       0x20 MCAL/EEPROM/EEPROM_Prog.o
 .debug_info    0x00000000      0x121 MCAL/EEPROM/EEPROM_Prog.o
 .debug_abbrev  0x00000000       0x96 MCAL/EEPROM/EEPROM_Prog.o
 .debug_loc     0x00000000       0x6a MCAL/EEPROM/EEPROM_Prog.o
 .debug_aranges
                0x00000000       0x28 MCAL/EEPROM/EEPROM_Prog.o
 .debug_ranges  0x00000000       0x18 MCAL/EEPROM/EEPROM_Prog.o
 .debug_line    0x00000000       0xf9 MCAL/EEPROM/EEPROM_Prog.o
 .debug_str     0x00000000      0x206 MCAL/EEPROM/EEPROM_Prog.o
 .comment       0x00000000       0x31 MCAL/EEPROM/EEPROM_Prog.o
 .debug_frame   0x00000000       0x34 MCAL/EEPROM/EEPROM_Prog.o
 .text          0x00000000        0x0 MCAL/EXTI/EXTI_Config.o
 .data          0x00000000        0x0 MCAL/EXTI/EXTI_Config.o
 .bss           0x00000000        0x0 MCAL/EXTI/EXTI_Config.o
 .data.EXTI_AstrEXTIConfig
                0x00000000        0x9 MCAL/EXTI/EXTI_Config.o
 .data.EXTI_u8EXTINum
                0x00000000        0x1 MCAL/EXTI/EXTI_Config.o
 .debug_info    0x00000000      0x150 MCAL/EXTI/EXTI_Config.o
 .debug_abbrev  0x00000000       0x8c MCAL/EXTI/EXTI_Config.o
 .debug_aranges
                0x00000000       0x18 MCAL/EXTI/EXTI_Config.o
 .debug_line    0x00000000       0x6f MCAL/EXTI/EXTI_Config.o
 .debug_str     0x00000000      0x247 MCAL/EXTI/EXTI_Config.o
 .comment       0x00000000       0x31 MCAL/EXTI/EXTI_Config.o
 .text          0x00000000        0x0 MCAL/EXTI/EXTI_Prog.o
 .data          0x00000000        0x0 MCAL/EXTI/EXTI_Prog.o
 .bss           0x00000000        0x0 MCAL/EXTI/EXTI_Prog.o
 .text.EXTI_enuInit
                0x00000000      0x1e4 MCAL/EXTI/EXTI_Prog.o
 .text.EXTI_enuSenseLvl
                0x00000000      0x166 MCAL/EXTI/EXTI_Prog.o
 .text.EXTI_enuEnable
                0x00000000       0x42 MCAL/EXTI/EXTI_Prog.o
 .text.EXTI_enuDisable
                0x00000000       0x44 MCAL/EXTI/EXTI_Prog.o
 .text.EXTI_enuCallBack
                0x00000000       0x34 MCAL/EXTI/EXTI_Prog.o
 .text          0x00000000        0x0 MCAL/SPI/SPI_Prog.o
 .data          0x00000000        0x0 MCAL/SPI/SPI_Prog.o
 .bss           0x00000000        0x0 MCAL/SPI/SPI_Prog.o
 .text.SPI_voidMasterInit
                0x00000000       0x1e MCAL/SPI/SPI_Prog.o
 .text.SPI_voidSlaveInit
                0x00000000       0x1e MCAL/SPI/SPI_Prog.o
 .text.SPI_voidMaterTransmitReceive
                0x00000000        0xa MCAL/SPI/SPI_Prog.o
 .text.SPI_SlaveSelect
                0x00000000        0x8 MCAL/SPI/SPI_Prog.o
 .debug_info    0x00000000      0x1fd MCAL/SPI/SPI_Prog.o
 .debug_abbrev  0x00000000       0xe2 MCAL/SPI/SPI_Prog.o
 .debug_loc     0x00000000       0x40 MCAL/SPI/SPI_Prog.o
 .debug_aranges
                0x00000000       0x38 MCAL/SPI/SPI_Prog.o
 .debug_ranges  0x00000000       0x28 MCAL/SPI/SPI_Prog.o
 .debug_line    0x00000000      0x125 MCAL/SPI/SPI_Prog.o
 .debug_str     0x00000000      0x22b MCAL/SPI/SPI_Prog.o
 .comment       0x00000000       0x31 MCAL/SPI/SPI_Prog.o
 .debug_frame   0x00000000       0x54 MCAL/SPI/SPI_Prog.o
 .text          0x00000000        0x0 MCAL/TIMER0/TIMER0_Prog.o
 .data          0x00000000        0x0 MCAL/TIMER0/TIMER0_Prog.o
 .bss           0x00000000        0x0 MCAL/TIMER0/TIMER0_Prog.o
 .text.TIMER0_enuInit
                0x00000000       0x26 MCAL/TIMER0/TIMER0_Prog.o
 .text.TIMER0_enuSetTime_ms
                0x00000000       0x8a MCAL/TIMER0/TIMER0_Prog.o
 .text.TIMER0_enuStart
                0x00000000        0xe MCAL/TIMER0/TIMER0_Prog.o
 .text.TIMER0_enuStop
                0x00000000        0x8 MCAL/TIMER0/TIMER0_Prog.o
 .text.TIMER0_enuCallBack
                0x00000000       0x26 MCAL/TIMER0/TIMER0_Prog.o
 .text.PWM0_enuInit
                0x00000000       0x30 MCAL/TIMER0/TIMER0_Prog.o
 .text.PWM0_enuDutycycle
                0x00000000       0x28 MCAL/TIMER0/TIMER0_Prog.o
 .text.PWM0_enuStart
                0x00000000       0x10 MCAL/TIMER0/TIMER0_Prog.o
 .text.PWM0_enuStop
                0x00000000        0xa MCAL/TIMER0/TIMER0_Prog.o
 .text.PWM0_enuCallBack
                0x00000000       0x26 MCAL/TIMER0/TIMER0_Prog.o
 .text          0x00000000        0x0 MCAL/TIMER1/TIMER1_Prog.o
 .data          0x00000000        0x0 MCAL/TIMER1/TIMER1_Prog.o
 .bss           0x00000000        0x0 MCAL/TIMER1/TIMER1_Prog.o
 .text.TIMER1_enuInit
                0x00000000       0x2e MCAL/TIMER1/TIMER1_Prog.o
 .text.TIMER1_enuSetTime_ms
                0x00000000       0xaa MCAL/TIMER1/TIMER1_Prog.o
 .text.TIMER1_enuStart
                0x00000000       0x10 MCAL/TIMER1/TIMER1_Prog.o
 .text.TIMER1_enuStop
                0x00000000        0xa MCAL/TIMER1/TIMER1_Prog.o
 .text.TIMER1_enuCallBack
                0x00000000       0x26 MCAL/TIMER1/TIMER1_Prog.o
 .text.PWM1_enuInit
                0x00000000       0x34 MCAL/TIMER1/TIMER1_Prog.o
 .text.PWM1_enuDutycycle
                0x00000000       0x2c MCAL/TIMER1/TIMER1_Prog.o
 .text.PWM1_enuStart
                0x00000000        0xa MCAL/TIMER1/TIMER1_Prog.o
 .text.PWM1_enuStop
                0x00000000        0xa MCAL/TIMER1/TIMER1_Prog.o
 .text.PWM1_enuCallBack
                0x00000000       0x26 MCAL/TIMER1/TIMER1_Prog.o
 .text          0x00000000        0x0 MCAL/UART/UART_Prog.o
 .data          0x00000000        0x0 MCAL/UART/UART_Prog.o
 .bss           0x00000000        0x0 MCAL/UART/UART_Prog.o
 .text.UART_Init
                0x00000000       0x4e MCAL/UART/UART_Prog.o
 .text.UART_Send
                0x00000000        0x8 MCAL/UART/UART_Prog.o
 .text.UART_Receive
                0x00000000        0x8 MCAL/UART/UART_Prog.o
 .debug_info    0x00000000       0xbd MCAL/UART/UART_Prog.o
 .debug_abbrev  0x00000000       0x89 MCAL/UART/UART_Prog.o
 .debug_aranges
                0x00000000       0x30 MCAL/UART/UART_Prog.o
 .debug_ranges  0x00000000       0x20 MCAL/UART/UART_Prog.o
 .debug_line    0x00000000       0xd6 MCAL/UART/UART_Prog.o
 .debug_str     0x00000000      0x1b9 MCAL/UART/UART_Prog.o
 .comment       0x00000000       0x31 MCAL/UART/UART_Prog.o
 .debug_frame   0x00000000       0x44 MCAL/UART/UART_Prog.o
 .text          0x00000000        0x0 MCAL/WDT/WDT_Prog.o
 .data          0x00000000        0x0 MCAL/WDT/WDT_Prog.o
 .bss           0x00000000        0x0 MCAL/WDT/WDT_Prog.o
 .text.WDT_Init
                0x00000000       0x1a MCAL/WDT/WDT_Prog.o
 .text.WDT_Refresh
                0x00000000        0x4 MCAL/WDT/WDT_Prog.o
 .text.WDT_off  0x00000000        0x8 MCAL/WDT/WDT_Prog.o
 .debug_info    0x00000000       0xd2 MCAL/WDT/WDT_Prog.o
 .debug_abbrev  0x00000000       0x67 MCAL/WDT/WDT_Prog.o
 .debug_aranges
                0x00000000       0x30 MCAL/WDT/WDT_Prog.o
 .debug_ranges  0x00000000       0x20 MCAL/WDT/WDT_Prog.o
 .debug_line    0x00000000       0xb8 MCAL/WDT/WDT_Prog.o
 .debug_str     0x00000000      0x1c3 MCAL/WDT/WDT_Prog.o
 .comment       0x00000000       0x31 MCAL/WDT/WDT_Prog.o
 .debug_frame   0x00000000       0x44 MCAL/WDT/WDT_Prog.o
 .text          0x00000000        0x0 c:/program files (x86)/atmel/studio/7.0/toolchain/avr8/avr8-gnu-toolchain/bin/../lib/gcc/avr/5.4.0/../../../../avr/lib/avr5\libm.a(addsf3.o)
 .data          0x00000000        0x0 c:/program files (x86)/atmel/studio/7.0/toolchain/avr8/avr8-gnu-toolchain/bin/../lib/gcc/avr/5.4.0/../../../../avr/lib/avr5\libm.a(addsf3.o)
 .bss           0x00000000        0x0 c:/program files (x86)/atmel/studio/7.0/toolchain/avr8/avr8-gnu-toolchain/bin/../lib/gcc/avr/5.4.0/../../../../avr/lib/avr5\libm.a(addsf3.o)
 .text.avr-libc.fplib
                0x00000000        0xe c:/program files (x86)/atmel/studio/7.0/toolchain/avr8/avr8-gnu-toolchain/bin/../lib/gcc/avr/5.4.0/../../../../avr/lib/avr5\libm.a(addsf3.o)
 .text          0x00000000        0x0 c:/program files (x86)/atmel/studio/7.0/toolchain/avr8/avr8-gnu-toolchain/bin/../lib/gcc/avr/5.4.0/../../../../avr/lib/avr5\libm.a(addsf3x.o)
 .data          0x00000000        0x0 c:/program files (x86)/atmel/studio/7.0/toolchain/avr8/avr8-gnu-toolchain/bin/../lib/gcc/avr/5.4.0/../../../../avr/lib/avr5\libm.a(addsf3x.o)
 .bss           0x00000000        0x0 c:/program files (x86)/atmel/studio/7.0/toolchain/avr8/avr8-gnu-toolchain/bin/../lib/gcc/avr/5.4.0/../../../../avr/lib/avr5\libm.a(addsf3x.o)
 .text.avr-libc.fplib
                0x00000000       0xcc c:/program files (x86)/atmel/studio/7.0/toolchain/avr8/avr8-gnu-toolchain/bin/../lib/gcc/avr/5.4.0/../../../../avr/lib/avr5\libm.a(addsf3x.o)
 .text          0x00000000        0x0 c:/program files (x86)/atmel/studio/7.0/toolchain/avr8/avr8-gnu-toolchain/bin/../lib/gcc/avr/5.4.0/../../../../avr/lib/avr5\libm.a(cmpsf2.o)
 .data          0x00000000        0x0 c:/program files (x86)/atmel/studio/7.0/toolchain/avr8/avr8-gnu-toolchain/bin/../lib/gcc/avr/5.4.0/../../../../avr/lib/avr5\libm.a(cmpsf2.o)
 .bss           0x00000000        0x0 c:/program files (x86)/atmel/studio/7.0/toolchain/avr8/avr8-gnu-toolchain/bin/../lib/gcc/avr/5.4.0/../../../../avr/lib/avr5\libm.a(cmpsf2.o)
 .text.avr-libc.fplib
                0x00000000        0xa c:/program files (x86)/atmel/studio/7.0/toolchain/avr8/avr8-gnu-toolchain/bin/../lib/gcc/avr/5.4.0/../../../../avr/lib/avr5\libm.a(cmpsf2.o)
 .text          0x00000000        0x0 c:/program files (x86)/atmel/studio/7.0/toolchain/avr8/avr8-gnu-toolchain/bin/../lib/gcc/avr/5.4.0/../../../../avr/lib/avr5\libm.a(fixunssfsi.o)
 .data          0x00000000        0x0 c:/program files (x86)/atmel/studio/7.0/toolchain/avr8/avr8-gnu-toolchain/bin/../lib/gcc/avr/5.4.0/../../../../avr/lib/avr5\libm.a(fixunssfsi.o)
 .bss           0x00000000        0x0 c:/program files (x86)/atmel/studio/7.0/toolchain/avr8/avr8-gnu-toolchain/bin/../lib/gcc/avr/5.4.0/../../../../avr/lib/avr5\libm.a(fixunssfsi.o)
 .text.avr-libc.fplib
                0x00000000       0x5e c:/program files (x86)/atmel/studio/7.0/toolchain/avr8/avr8-gnu-toolchain/bin/../lib/gcc/avr/5.4.0/../../../../avr/lib/avr5\libm.a(fixunssfsi.o)
 .text          0x00000000        0x0 c:/program files (x86)/atmel/studio/7.0/toolchain/avr8/avr8-gnu-toolchain/bin/../lib/gcc/avr/5.4.0/../../../../avr/lib/avr5\libm.a(floatsisf.o)
 .data          0x00000000        0x0 c:/program files (x86)/atmel/studio/7.0/toolchain/avr8/avr8-gnu-toolchain/bin/../lib/gcc/avr/5.4.0/../../../../avr/lib/avr5\libm.a(floatsisf.o)
 .bss           0x00000000        0x0 c:/program files (x86)/atmel/studio/7.0/toolchain/avr8/avr8-gnu-toolchain/bin/../lib/gcc/avr/5.4.0/../../../../avr/lib/avr5\libm.a(floatsisf.o)
 .text.avr-libc.fplib
                0x00000000       0x7a c:/program files (x86)/atmel/studio/7.0/toolchain/avr8/avr8-gnu-toolchain/bin/../lib/gcc/avr/5.4.0/../../../../avr/lib/avr5\libm.a(floatsisf.o)
 .text          0x00000000        0x0 c:/program files (x86)/atmel/studio/7.0/toolchain/avr8/avr8-gnu-toolchain/bin/../lib/gcc/avr/5.4.0/../../../../avr/lib/avr5\libm.a(fp_cmp.o)
 .data          0x00000000        0x0 c:/program files (x86)/atmel/studio/7.0/toolchain/avr8/avr8-gnu-toolchain/bin/../lib/gcc/avr/5.4.0/../../../../avr/lib/avr5\libm.a(fp_cmp.o)
 .bss           0x00000000        0x0 c:/program files (x86)/atmel/studio/7.0/toolchain/avr8/avr8-gnu-toolchain/bin/../lib/gcc/avr/5.4.0/../../../../avr/lib/avr5\libm.a(fp_cmp.o)
 .text.avr-libc.fplib
                0x00000000       0x48 c:/program files (x86)/atmel/studio/7.0/toolchain/avr8/avr8-gnu-toolchain/bin/../lib/gcc/avr/5.4.0/../../../../avr/lib/avr5\libm.a(fp_cmp.o)
 .text          0x00000000        0x0 c:/program files (x86)/atmel/studio/7.0/toolchain/avr8/avr8-gnu-toolchain/bin/../lib/gcc/avr/5.4.0/../../../../avr/lib/avr5\libm.a(fp_inf.o)
 .data          0x00000000        0x0 c:/program files (x86)/atmel/studio/7.0/toolchain/avr8/avr8-gnu-toolchain/bin/../lib/gcc/avr/5.4.0/../../../../avr/lib/avr5\libm.a(fp_inf.o)
 .bss           0x00000000        0x0 c:/program files (x86)/atmel/studio/7.0/toolchain/avr8/avr8-gnu-toolchain/bin/../lib/gcc/avr/5.4.0/../../../../avr/lib/avr5\libm.a(fp_inf.o)
 .text.avr-libc.fplib
                0x00000000        0xc c:/program files (x86)/atmel/studio/7.0/toolchain/avr8/avr8-gnu-toolchain/bin/../lib/gcc/avr/5.4.0/../../../../avr/lib/avr5\libm.a(fp_inf.o)
 .text          0x00000000        0x0 c:/program files (x86)/atmel/studio/7.0/toolchain/avr8/avr8-gnu-toolchain/bin/../lib/gcc/avr/5.4.0/../../../../avr/lib/avr5\libm.a(fp_nan.o)
 .data          0x00000000        0x0 c:/program files (x86)/atmel/studio/7.0/toolchain/avr8/avr8-gnu-toolchain/bin/../lib/gcc/avr/5.4.0/../../../../avr/lib/avr5\libm.a(fp_nan.o)
 .bss           0x00000000        0x0 c:/program files (x86)/atmel/studio/7.0/toolchain/avr8/avr8-gnu-toolchain/bin/../lib/gcc/avr/5.4.0/../../../../avr/lib/avr5\libm.a(fp_nan.o)
 .text.avr-libc.fplib
                0x00000000        0x6 c:/program files (x86)/atmel/studio/7.0/toolchain/avr8/avr8-gnu-toolchain/bin/../lib/gcc/avr/5.4.0/../../../../avr/lib/avr5\libm.a(fp_nan.o)
 .text          0x00000000        0x0 c:/program files (x86)/atmel/studio/7.0/toolchain/avr8/avr8-gnu-toolchain/bin/../lib/gcc/avr/5.4.0/../../../../avr/lib/avr5\libm.a(fp_pscA.o)
 .data          0x00000000        0x0 c:/program files (x86)/atmel/studio/7.0/toolchain/avr8/avr8-gnu-toolchain/bin/../lib/gcc/avr/5.4.0/../../../../avr/lib/avr5\libm.a(fp_pscA.o)
 .bss           0x00000000        0x0 c:/program files (x86)/atmel/studio/7.0/toolchain/avr8/avr8-gnu-toolchain/bin/../lib/gcc/avr/5.4.0/../../../../avr/lib/avr5\libm.a(fp_pscA.o)
 .text.avr-libc.fplib
                0x00000000        0xe c:/program files (x86)/atmel/studio/7.0/toolchain/avr8/avr8-gnu-toolchain/bin/../lib/gcc/avr/5.4.0/../../../../avr/lib/avr5\libm.a(fp_pscA.o)
 .text          0x00000000        0x0 c:/program files (x86)/atmel/studio/7.0/toolchain/avr8/avr8-gnu-toolchain/bin/../lib/gcc/avr/5.4.0/../../../../avr/lib/avr5\libm.a(fp_pscB.o)
 .data          0x00000000        0x0 c:/program files (x86)/atmel/studio/7.0/toolchain/avr8/avr8-gnu-toolchain/bin/../lib/gcc/avr/5.4.0/../../../../avr/lib/avr5\libm.a(fp_pscB.o)
 .bss           0x00000000        0x0 c:/program files (x86)/atmel/studio/7.0/toolchain/avr8/avr8-gnu-toolchain/bin/../lib/gcc/avr/5.4.0/../../../../avr/lib/avr5\libm.a(fp_pscB.o)
 .text.avr-libc.fplib
                0x00000000        0xe c:/program files (x86)/atmel/studio/7.0/toolchain/avr8/avr8-gnu-toolchain/bin/../lib/gcc/avr/5.4.0/../../../../avr/lib/avr5\libm.a(fp_pscB.o)
 .text          0x00000000        0x0 c:/program files (x86)/atmel/studio/7.0/toolchain/avr8/avr8-gnu-toolchain/bin/../lib/gcc/avr/5.4.0/../../../../avr/lib/avr5\libm.a(fp_round.o)
 .data          0x00000000        0x0 c:/program files (x86)/atmel/studio/7.0/toolchain/avr8/avr8-gnu-toolchain/bin/../lib/gcc/avr/5.4.0/../../../../avr/lib/avr5\libm.a(fp_round.o)
 .bss           0x00000000        0x0 c:/program files (x86)/atmel/studio/7.0/toolchain/avr8/avr8-gnu-toolchain/bin/../lib/gcc/avr/5.4.0/../../../../avr/lib/avr5\libm.a(fp_round.o)
 .text.avr-libc.fplib
                0x00000000       0x22 c:/program files (x86)/atmel/studio/7.0/toolchain/avr8/avr8-gnu-toolchain/bin/../lib/gcc/avr/5.4.0/../../../../avr/lib/avr5\libm.a(fp_round.o)
 .text          0x00000000        0x0 c:/program files (x86)/atmel/studio/7.0/toolchain/avr8/avr8-gnu-toolchain/bin/../lib/gcc/avr/5.4.0/../../../../avr/lib/avr5\libm.a(fp_split3.o)
 .data          0x00000000        0x0 c:/program files (x86)/atmel/studio/7.0/toolchain/avr8/avr8-gnu-toolchain/bin/../lib/gcc/avr/5.4.0/../../../../avr/lib/avr5\libm.a(fp_split3.o)
 .bss           0x00000000        0x0 c:/program files (x86)/atmel/studio/7.0/toolchain/avr8/avr8-gnu-toolchain/bin/../lib/gcc/avr/5.4.0/../../../../avr/lib/avr5\libm.a(fp_split3.o)
 .text.avr-libc.fplib
                0x00000000       0x44 c:/program files (x86)/atmel/studio/7.0/toolchain/avr8/avr8-gnu-toolchain/bin/../lib/gcc/avr/5.4.0/../../../../avr/lib/avr5\libm.a(fp_split3.o)
 .text          0x00000000        0x0 c:/program files (x86)/atmel/studio/7.0/toolchain/avr8/avr8-gnu-toolchain/bin/../lib/gcc/avr/5.4.0/../../../../avr/lib/avr5\libm.a(fp_zero.o)
 .data          0x00000000        0x0 c:/program files (x86)/atmel/studio/7.0/toolchain/avr8/avr8-gnu-toolchain/bin/../lib/gcc/avr/5.4.0/../../../../avr/lib/avr5\libm.a(fp_zero.o)
 .bss           0x00000000        0x0 c:/program files (x86)/atmel/studio/7.0/toolchain/avr8/avr8-gnu-toolchain/bin/../lib/gcc/avr/5.4.0/../../../../avr/lib/avr5\libm.a(fp_zero.o)
 .text.avr-libc.fplib
                0x00000000        0xe c:/program files (x86)/atmel/studio/7.0/toolchain/avr8/avr8-gnu-toolchain/bin/../lib/gcc/avr/5.4.0/../../../../avr/lib/avr5\libm.a(fp_zero.o)
 .text          0x00000000        0x0 c:/program files (x86)/atmel/studio/7.0/toolchain/avr8/avr8-gnu-toolchain/bin/../lib/gcc/avr/5.4.0/../../../../avr/lib/avr5\libm.a(mulsf3.o)
 .data          0x00000000        0x0 c:/program files (x86)/atmel/studio/7.0/toolchain/avr8/avr8-gnu-toolchain/bin/../lib/gcc/avr/5.4.0/../../../../avr/lib/avr5\libm.a(mulsf3.o)
 .bss           0x00000000        0x0 c:/program files (x86)/atmel/studio/7.0/toolchain/avr8/avr8-gnu-toolchain/bin/../lib/gcc/avr/5.4.0/../../../../avr/lib/avr5\libm.a(mulsf3.o)
 .text.avr-libc.fplib
                0x00000000        0x8 c:/program files (x86)/atmel/studio/7.0/toolchain/avr8/avr8-gnu-toolchain/bin/../lib/gcc/avr/5.4.0/../../../../avr/lib/avr5\libm.a(mulsf3.o)
 .text          0x00000000        0x0 c:/program files (x86)/atmel/studio/7.0/toolchain/avr8/avr8-gnu-toolchain/bin/../lib/gcc/avr/5.4.0/../../../../avr/lib/avr5\libm.a(mulsf3x.o)
 .data          0x00000000        0x0 c:/program files (x86)/atmel/studio/7.0/toolchain/avr8/avr8-gnu-toolchain/bin/../lib/gcc/avr/5.4.0/../../../../avr/lib/avr5\libm.a(mulsf3x.o)
 .bss           0x00000000        0x0 c:/program files (x86)/atmel/studio/7.0/toolchain/avr8/avr8-gnu-toolchain/bin/../lib/gcc/avr/5.4.0/../../../../avr/lib/avr5\libm.a(mulsf3x.o)
 .text.avr-libc.fplib
                0x00000000       0xd2 c:/program files (x86)/atmel/studio/7.0/toolchain/avr8/avr8-gnu-toolchain/bin/../lib/gcc/avr/5.4.0/../../../../avr/lib/avr5\libm.a(mulsf3x.o)
 .text          0x00000000        0x0 c:/program files (x86)/atmel/studio/7.0/toolchain/avr8/avr8-gnu-toolchain/bin/../lib/gcc/avr/5.4.0/avr5\libgcc.a(_udivmodsi4.o)
 .data          0x00000000        0x0 c:/program files (x86)/atmel/studio/7.0/toolchain/avr8/avr8-gnu-toolchain/bin/../lib/gcc/avr/5.4.0/avr5\libgcc.a(_udivmodsi4.o)
 .bss           0x00000000        0x0 c:/program files (x86)/atmel/studio/7.0/toolchain/avr8/avr8-gnu-toolchain/bin/../lib/gcc/avr/5.4.0/avr5\libgcc.a(_udivmodsi4.o)
 .text.libgcc.mul
                0x00000000        0x0 c:/program files (x86)/atmel/studio/7.0/toolchain/avr8/avr8-gnu-toolchain/bin/../lib/gcc/avr/5.4.0/avr5\libgcc.a(_udivmodsi4.o)
 .text.libgcc   0x00000000        0x0 c:/program files (x86)/atmel/studio/7.0/toolchain/avr8/avr8-gnu-toolchain/bin/../lib/gcc/avr/5.4.0/avr5\libgcc.a(_udivmodsi4.o)
 .text.libgcc.prologue
                0x00000000        0x0 c:/program files (x86)/atmel/studio/7.0/toolchain/avr8/avr8-gnu-toolchain/bin/../lib/gcc/avr/5.4.0/avr5\libgcc.a(_udivmodsi4.o)
 .text.libgcc.builtins
                0x00000000        0x0 c:/program files (x86)/atmel/studio/7.0/toolchain/avr8/avr8-gnu-toolchain/bin/../lib/gcc/avr/5.4.0/avr5\libgcc.a(_udivmodsi4.o)
 .text.libgcc.fmul
                0x00000000        0x0 c:/program files (x86)/atmel/studio/7.0/toolchain/avr8/avr8-gnu-toolchain/bin/../lib/gcc/avr/5.4.0/avr5\libgcc.a(_udivmodsi4.o)
 .text.libgcc.fixed
                0x00000000        0x0 c:/program files (x86)/atmel/studio/7.0/toolchain/avr8/avr8-gnu-toolchain/bin/../lib/gcc/avr/5.4.0/avr5\libgcc.a(_udivmodsi4.o)
 .text          0x00000000        0x0 c:/program files (x86)/atmel/studio/7.0/toolchain/avr8/avr8-gnu-toolchain/bin/../lib/gcc/avr/5.4.0/avr5\libgcc.a(_exit.o)
 .data          0x00000000        0x0 c:/program files (x86)/atmel/studio/7.0/toolchain/avr8/avr8-gnu-toolchain/bin/../lib/gcc/avr/5.4.0/avr5\libgcc.a(_exit.o)
 .bss           0x00000000        0x0 c:/program files (x86)/atmel/studio/7.0/toolchain/avr8/avr8-gnu-toolchain/bin/../lib/gcc/avr/5.4.0/avr5\libgcc.a(_exit.o)
 .text.libgcc.mul
                0x00000000        0x0 c:/program files (x86)/atmel/studio/7.0/toolchain/avr8/avr8-gnu-toolchain/bin/../lib/gcc/avr/5.4.0/avr5\libgcc.a(_exit.o)
 .text.libgcc.div
                0x00000000        0x0 c:/program files (x86)/atmel/studio/7.0/toolchain/avr8/avr8-gnu-toolchain/bin/../lib/gcc/avr/5.4.0/avr5\libgcc.a(_exit.o)
 .text.libgcc   0x00000000        0x0 c:/program files (x86)/atmel/studio/7.0/toolchain/avr8/avr8-gnu-toolchain/bin/../lib/gcc/avr/5.4.0/avr5\libgcc.a(_exit.o)
 .text.libgcc.prologue
                0x00000000        0x0 c:/program files (x86)/atmel/studio/7.0/toolchain/avr8/avr8-gnu-toolchain/bin/../lib/gcc/avr/5.4.0/avr5\libgcc.a(_exit.o)
 .text.libgcc.builtins
                0x00000000        0x0 c:/program files (x86)/atmel/studio/7.0/toolchain/avr8/avr8-gnu-toolchain/bin/../lib/gcc/avr/5.4.0/avr5\libgcc.a(_exit.o)
 .text.libgcc.fmul
                0x00000000        0x0 c:/program files (x86)/atmel/studio/7.0/toolchain/avr8/avr8-gnu-toolchain/bin/../lib/gcc/avr/5.4.0/avr5\libgcc.a(_exit.o)
 .text.libgcc.fixed
                0x00000000        0x0 c:/program files (x86)/atmel/studio/7.0/toolchain/avr8/avr8-gnu-toolchain/bin/../lib/gcc/avr/5.4.0/avr5\libgcc.a(_exit.o)
 .text          0x00000000        0x0 c:/program files (x86)/atmel/studio/7.0/toolchain/avr8/avr8-gnu-toolchain/bin/../lib/gcc/avr/5.4.0/avr5\libgcc.a(_copy_data.o)
 .data          0x00000000        0x0 c:/program files (x86)/atmel/studio/7.0/toolchain/avr8/avr8-gnu-toolchain/bin/../lib/gcc/avr/5.4.0/avr5\libgcc.a(_copy_data.o)
 .bss           0x00000000        0x0 c:/program files (x86)/atmel/studio/7.0/toolchain/avr8/avr8-gnu-toolchain/bin/../lib/gcc/avr/5.4.0/avr5\libgcc.a(_copy_data.o)
 .text.libgcc.mul
                0x00000000        0x0 c:/program files (x86)/atmel/studio/7.0/toolchain/avr8/avr8-gnu-toolchain/bin/../lib/gcc/avr/5.4.0/avr5\libgcc.a(_copy_data.o)
 .text.libgcc.div
                0x00000000        0x0 c:/program files (x86)/atmel/studio/7.0/toolchain/avr8/avr8-gnu-toolchain/bin/../lib/gcc/avr/5.4.0/avr5\libgcc.a(_copy_data.o)
 .text.libgcc   0x00000000        0x0 c:/program files (x86)/atmel/studio/7.0/toolchain/avr8/avr8-gnu-toolchain/bin/../lib/gcc/avr/5.4.0/avr5\libgcc.a(_copy_data.o)
 .text.libgcc.prologue
                0x00000000        0x0 c:/program files (x86)/atmel/studio/7.0/toolchain/avr8/avr8-gnu-toolchain/bin/../lib/gcc/avr/5.4.0/avr5\libgcc.a(_copy_data.o)
 .text.libgcc.builtins
                0x00000000        0x0 c:/program files (x86)/atmel/studio/7.0/toolchain/avr8/avr8-gnu-toolchain/bin/../lib/gcc/avr/5.4.0/avr5\libgcc.a(_copy_data.o)
 .text.libgcc.fmul
                0x00000000        0x0 c:/program files (x86)/atmel/studio/7.0/toolchain/avr8/avr8-gnu-toolchain/bin/../lib/gcc/avr/5.4.0/avr5\libgcc.a(_copy_data.o)
 .text.libgcc.fixed
                0x00000000        0x0 c:/program files (x86)/atmel/studio/7.0/toolchain/avr8/avr8-gnu-toolchain/bin/../lib/gcc/avr/5.4.0/avr5\libgcc.a(_copy_data.o)
 .text          0x00000000        0x0 c:/program files (x86)/atmel/studio/7.0/toolchain/avr8/avr8-gnu-toolchain/bin/../lib/gcc/avr/5.4.0/avr5\libgcc.a(_clear_bss.o)
 .data          0x00000000        0x0 c:/program files (x86)/atmel/studio/7.0/toolchain/avr8/avr8-gnu-toolchain/bin/../lib/gcc/avr/5.4.0/avr5\libgcc.a(_clear_bss.o)
 .bss           0x00000000        0x0 c:/program files (x86)/atmel/studio/7.0/toolchain/avr8/avr8-gnu-toolchain/bin/../lib/gcc/avr/5.4.0/avr5\libgcc.a(_clear_bss.o)
 .text.libgcc.mul
                0x00000000        0x0 c:/program files (x86)/atmel/studio/7.0/toolchain/avr8/avr8-gnu-toolchain/bin/../lib/gcc/avr/5.4.0/avr5\libgcc.a(_clear_bss.o)
 .text.libgcc.div
                0x00000000        0x0 c:/program files (x86)/atmel/studio/7.0/toolchain/avr8/avr8-gnu-toolchain/bin/../lib/gcc/avr/5.4.0/avr5\libgcc.a(_clear_bss.o)
 .text.libgcc   0x00000000        0x0 c:/program files (x86)/atmel/studio/7.0/toolchain/avr8/avr8-gnu-toolchain/bin/../lib/gcc/avr/5.4.0/avr5\libgcc.a(_clear_bss.o)
 .text.libgcc.prologue
                0x00000000        0x0 c:/program files (x86)/atmel/studio/7.0/toolchain/avr8/avr8-gnu-toolchain/bin/../lib/gcc/avr/5.4.0/avr5\libgcc.a(_clear_bss.o)
 .text.libgcc.builtins
                0x00000000        0x0 c:/program files (x86)/atmel/studio/7.0/toolchain/avr8/avr8-gnu-toolchain/bin/../lib/gcc/avr/5.4.0/avr5\libgcc.a(_clear_bss.o)
 .text.libgcc.fmul
                0x00000000        0x0 c:/program files (x86)/atmel/studio/7.0/toolchain/avr8/avr8-gnu-toolchain/bin/../lib/gcc/avr/5.4.0/avr5\libgcc.a(_clear_bss.o)
 .text.libgcc.fixed
                0x00000000        0x0 c:/program files (x86)/atmel/studio/7.0/toolchain/avr8/avr8-gnu-toolchain/bin/../lib/gcc/avr/5.4.0/avr5\libgcc.a(_clear_bss.o)
 .text          0x00000000        0x0 c:/program files (x86)/atmel/studio/7.0/toolchain/avr8/avr8-gnu-toolchain/bin/../lib/gcc/avr/5.4.0/avr5\libgcc.a(_umulhisi3.o)
 .data          0x00000000        0x0 c:/program files (x86)/atmel/studio/7.0/toolchain/avr8/avr8-gnu-toolchain/bin/../lib/gcc/avr/5.4.0/avr5\libgcc.a(_umulhisi3.o)
 .bss           0x00000000        0x0 c:/program files (x86)/atmel/studio/7.0/toolchain/avr8/avr8-gnu-toolchain/bin/../lib/gcc/avr/5.4.0/avr5\libgcc.a(_umulhisi3.o)
 .text.libgcc.mul
                0x00000000       0x1e c:/program files (x86)/atmel/studio/7.0/toolchain/avr8/avr8-gnu-toolchain/bin/../lib/gcc/avr/5.4.0/avr5\libgcc.a(_umulhisi3.o)
 .text.libgcc.div
                0x00000000        0x0 c:/program files (x86)/atmel/studio/7.0/toolchain/avr8/avr8-gnu-toolchain/bin/../lib/gcc/avr/5.4.0/avr5\libgcc.a(_umulhisi3.o)
 .text.libgcc   0x00000000        0x0 c:/program files (x86)/atmel/studio/7.0/toolchain/avr8/avr8-gnu-toolchain/bin/../lib/gcc/avr/5.4.0/avr5\libgcc.a(_umulhisi3.o)
 .text.libgcc.prologue
                0x00000000        0x0 c:/program files (x86)/atmel/studio/7.0/toolchain/avr8/avr8-gnu-toolchain/bin/../lib/gcc/avr/5.4.0/avr5\libgcc.a(_umulhisi3.o)
 .text.libgcc.builtins
                0x00000000        0x0 c:/program files (x86)/atmel/studio/7.0/toolchain/avr8/avr8-gnu-toolchain/bin/../lib/gcc/avr/5.4.0/avr5\libgcc.a(_umulhisi3.o)
 .text.libgcc.fmul
                0x00000000        0x0 c:/program files (x86)/atmel/studio/7.0/toolchain/avr8/avr8-gnu-toolchain/bin/../lib/gcc/avr/5.4.0/avr5\libgcc.a(_umulhisi3.o)
 .text.libgcc.fixed
                0x00000000        0x0 c:/program files (x86)/atmel/studio/7.0/toolchain/avr8/avr8-gnu-toolchain/bin/../lib/gcc/avr/5.4.0/avr5\libgcc.a(_umulhisi3.o)
 .text          0x00000000        0x0 c:/program files (x86)/atmel/studio/7.0/toolchain/avr8/avr8-gnu-toolchain/bin/../lib/gcc/avr/5.4.0/avr5\libgcc.a(_muluhisi3.o)
 .data          0x00000000        0x0 c:/program files (x86)/atmel/studio/7.0/toolchain/avr8/avr8-gnu-toolchain/bin/../lib/gcc/avr/5.4.0/avr5\libgcc.a(_muluhisi3.o)
 .bss           0x00000000        0x0 c:/program files (x86)/atmel/studio/7.0/toolchain/avr8/avr8-gnu-toolchain/bin/../lib/gcc/avr/5.4.0/avr5\libgcc.a(_muluhisi3.o)
 .text.libgcc.mul
                0x00000000       0x16 c:/program files (x86)/atmel/studio/7.0/toolchain/avr8/avr8-gnu-toolchain/bin/../lib/gcc/avr/5.4.0/avr5\libgcc.a(_muluhisi3.o)
 .text.libgcc.div
                0x00000000        0x0 c:/program files (x86)/atmel/studio/7.0/toolchain/avr8/avr8-gnu-toolchain/bin/../lib/gcc/avr/5.4.0/avr5\libgcc.a(_muluhisi3.o)
 .text.libgcc   0x00000000        0x0 c:/program files (x86)/atmel/studio/7.0/toolchain/avr8/avr8-gnu-toolchain/bin/../lib/gcc/avr/5.4.0/avr5\libgcc.a(_muluhisi3.o)
 .text.libgcc.prologue
                0x00000000        0x0 c:/program files (x86)/atmel/studio/7.0/toolchain/avr8/avr8-gnu-toolchain/bin/../lib/gcc/avr/5.4.0/avr5\libgcc.a(_muluhisi3.o)
 .text.libgcc.builtins
                0x00000000        0x0 c:/program files (x86)/atmel/studio/7.0/toolchain/avr8/avr8-gnu-toolchain/bin/../lib/gcc/avr/5.4.0/avr5\libgcc.a(_muluhisi3.o)
 .text.libgcc.fmul
                0x00000000        0x0 c:/program files (x86)/atmel/studio/7.0/toolchain/avr8/avr8-gnu-toolchain/bin/../lib/gcc/avr/5.4.0/avr5\libgcc.a(_muluhisi3.o)
 .text.libgcc.fixed
                0x00000000        0x0 c:/program files (x86)/atmel/studio/7.0/toolchain/avr8/avr8-gnu-toolchain/bin/../lib/gcc/avr/5.4.0/avr5\libgcc.a(_muluhisi3.o)

Memory Configuration

Name             Origin             Length             Attributes
text             0x00000000         0x00008000         xr
data             0x00800060         0x00000800         rw !x
eeprom           0x00810000         0x00000400         rw !x
fuse             0x00820000         0x00000002         rw !x
lock             0x00830000         0x00000400         rw !x
signature        0x00840000         0x00000400         rw !x
user_signatures  0x00850000         0x00000400         rw !x
*default*        0x00000000         0xffffffff

Linker script and memory map

LOAD C:/Program Files (x86)/Atmel/Studio/7.0/Packs/atmel/ATmega_DFP/1.6.364/gcc/dev/atmega32/avr5/crtatmega32.o
LOAD APP/main.o
LOAD HAL/Buzzer/Buzzer_Config.o
LOAD HAL/Buzzer/Buzzer_Prog.o
LOAD HAL/HC_05/HC_05_Prog.o
LOAD HAL/Keypad/Keypad_Prog.o
LOAD HAL/L293D/L293D_Config.o
LOAD HAL/L293D/L293D_Prog.o
LOAD HAL/LCD/LCD_Prog.o
LOAD HAL/LED/LED_Config.o
LOAD HAL/LED/LED_Prog.o
LOAD HAL/Relay/Relay_Config.o
LOAD HAL/Relay/Relay_Prog.o
LOAD HAL/Servo/Servo_Prog.o
LOAD HAL/SSD/SSD_Config.o
LOAD HAL/SSD/SSD_Prog.o
LOAD HAL/Switch/Switch_Config.o
LOAD HAL/Switch/Switch_Prog.o
LOAD MCAL/ADC/ADC_Prog.o
LOAD MCAL/DIO/DIO_Prog.o
LOAD MCAL/EEPROM/EEPROM_Prog.o
LOAD MCAL/EXTI/EXTI_Config.o
LOAD MCAL/EXTI/EXTI_Prog.o
LOAD MCAL/SPI/SPI_Prog.o
LOAD MCAL/TIMER0/TIMER0_Prog.o
LOAD MCAL/TIMER1/TIMER1_Prog.o
LOAD MCAL/UART/UART_Prog.o
LOAD MCAL/WDT/WDT_Prog.o
START GROUP
LOAD c:/program files (x86)/atmel/studio/7.0/toolchain/avr8/avr8-gnu-toolchain/bin/../lib/gcc/avr/5.4.0/../../../../avr/lib/avr5\libm.a
END GROUP
START GROUP
LOAD c:/program files (x86)/atmel/studio/7.0/toolchain/avr8/avr8-gnu-toolchain/bin/../lib/gcc/avr/5.4.0/avr5\libgcc.a
LOAD c:/program files (x86)/atmel/studio/7.0/toolchain/avr8/avr8-gnu-toolchain/bin/../lib/gcc/avr/5.4.0/../../../../avr/lib/avr5\libm.a
LOAD c:/program files (x86)/atmel/studio/7.0/toolchain/avr8/avr8-gnu-toolchain/bin/../lib/gcc/avr/5.4.0/../../../../avr/lib/avr5\libc.a
LOAD C:/Program Files (x86)/Atmel/Studio/7.0/Packs/atmel/ATmega_DFP/1.6.364/gcc/dev/atmega32/avr5\libatmega32.a
END GROUP
                0x00000000                __TEXT_REGION_ORIGIN__ = DEFINED (__TEXT_REGION_ORIGIN__)?__TEXT_REGION_ORIGIN__:0x0
                [0x00800060]                __DATA_REGION_ORIGIN__ = DEFINED (__DATA_REGION_ORIGIN__)?__DATA_REGION_ORIGIN__:0x800060
                [0x00008000]                __TEXT_REGION_LENGTH__ = DEFINED (__TEXT_REGION_LENGTH__)?__TEXT_REGION_LENGTH__:0x20000
                [0x00000800]                __DATA_REGION_LENGTH__ = DEFINED (__DATA_REGION_LENGTH__)?__DATA_REGION_LENGTH__:0xffa0
                [0x00000400]                __EEPROM_REGION_LENGTH__ = DEFINED (__EEPROM_REGION_LENGTH__)?__EEPROM_REGION_LENGTH__:0x10000
                [0x00000002]                __FUSE_REGION_LENGTH__ = DEFINED (__FUSE_REGION_LENGTH__)?__FUSE_REGION_LENGTH__:0x400
                0x00000400                __LOCK_REGION_LENGTH__ = DEFINED (__LOCK_REGION_LENGTH__)?__LOCK_REGION_LENGTH__:0x400
                0x00000400                __SIGNATURE_REGION_LENGTH__ = DEFINED (__SIGNATURE_REGION_LENGTH__)?__SIGNATURE_REGION_LENGTH__:0x400
                0x00000400                __USER_SIGNATURE_REGION_LENGTH__ = DEFINED (__USER_SIGNATURE_REGION_LENGTH__)?__USER_SIGNATURE_REGION_LENGTH__:0x400

.hash
 *(.hash)

.dynsym
 *(.dynsym)

.dynstr
 *(.dynstr)

.gnu.version
 *(.gnu.version)

.gnu.version_d
 *(.gnu.version_d)

.gnu.version_r
 *(.gnu.version_r)

.rel.init
 *(.rel.init)

.rela.init
 *(.rela.init)

.rel.text
 *(.rel.text)
 *(.rel.text.*)
 *(.rel.gnu.linkonce.t*)

.rela.text
 *(.rela.text)
 *(.rela.text.*)
 *(.rela.gnu.linkonce.t*)

.rel.fini
 *(.rel.fini)

.rela.fini
 *(.rela.fini)

.rel.rodata
 *(.rel.rodata)
 *(.rel.rodata.*)
 *(.rel.gnu.linkonce.r*)

.rela.rodata
 *(.rela.rodata)
 *(.rela.rodata.*)
 *(.rela.gnu.linkonce.r*)

.rel.data
 *(.rel.data)
 *(.rel.data.*)
 *(.rel.gnu.linkonce.d*)

.rela.data
 *(.rela.data)
 *(.rela.data.*)
 *(.rela.gnu.linkonce.d*)

.rel.ctors
 *(.rel.ctors)

.rela.ctors
 *(.rela.ctors)

.rel.dtors
 *(.rel.dtors)

.rela.dtors
 *(.rela.dtors)

.rel.got
 *(.rel.got)

.rela.got
 *(.rela.got)

.rel.bss
 *(.rel.bss)

.rela.bss
 *(.rela.bss)

.rel.plt
 *(.rel.plt)

.rela.plt
 *(.rela.plt)

.text           0x00000000      0xdd2
 *(.vectors)
 .vectors       0x00000000       0x54 C:/Program Files (x86)/Atmel/Studio/7.0/Packs/atmel/ATmega_DFP/1.6.364/gcc/dev/atmega32/avr5/crtatmega32.o
                0x00000000                __vector_default
                0x00000000                __vectors
 *(.vectors)
 *(.progmem.gcc*)
                0x00000054                . = ALIGN (0x2)
                0x00000054                __trampolines_start = .
 *(.trampolines)
 .trampolines   0x00000054        0x0 linker stubs
 *(.trampolines*)
                0x00000054                __trampolines_end = .
 *libprintf_flt.a:*(.progmem.data)
 *libc.a:*(.progmem.data)
 *(.progmem*)
                0x00000054                . = ALIGN (0x2)
 *(.jumptables)
 *(.jumptables*)
 *(.lowtext)
 *(.lowtext*)
                0x00000054                __ctors_start = .
 *(.ctors)
                0x00000054                __ctors_end = .
                0x00000054                __dtors_start = .
 *(.dtors)
                0x00000054                __dtors_end = .
 SORT(*)(.ctors)
 SORT(*)(.dtors)
 *(.init0)
 .init0         0x00000054        0x0 C:/Program Files (x86)/Atmel/Studio/7.0/Packs/atmel/ATmega_DFP/1.6.364/gcc/dev/atmega32/avr5/crtatmega32.o
                0x00000054                __init
 *(.init0)
 *(.init1)
 *(.init1)
 *(.init2)
 .init2         0x00000054        0xc C:/Program Files (x86)/Atmel/Studio/7.0/Packs/atmel/ATmega_DFP/1.6.364/gcc/dev/atmega32/avr5/crtatmega32.o
 *(.init2)
 *(.init3)
 *(.init3)
 *(.init4)
 .init4         0x00000060       0x16 c:/program files (x86)/atmel/studio/7.0/toolchain/avr8/avr8-gnu-toolchain/bin/../lib/gcc/avr/5.4.0/avr5\libgcc.a(_copy_data.o)
                0x00000060                __do_copy_data
 .init4         0x00000076       0x10 c:/program files (x86)/atmel/studio/7.0/toolchain/avr8/avr8-gnu-toolchain/bin/../lib/gcc/avr/5.4.0/avr5\libgcc.a(_clear_bss.o)
                0x00000076                __do_clear_bss
 *(.init4)
 *(.init5)
 *(.init5)
 *(.init6)
 *(.init6)
 *(.init7)
 *(.init7)
 *(.init8)
 *(.init8)
 *(.init9)
 .init9         0x00000086        0x8 C:/Program Files (x86)/Atmel/Studio/7.0/Packs/atmel/ATmega_DFP/1.6.364/gcc/dev/atmega32/avr5/crtatmega32.o
 *(.init9)
 *(.text)
 .text          0x0000008e        0x4 C:/Program Files (x86)/Atmel/Studio/7.0/Packs/atmel/ATmega_DFP/1.6.364/gcc/dev/atmega32/avr5/crtatmega32.o
                0x0000008e                __vector_12
                0x0000008e                __bad_interrupt
                0x0000008e                __vector_13
                0x0000008e                __vector_17
                0x0000008e                __vector_19
                0x0000008e                __vector_5
                0x0000008e                __vector_4
                0x0000008e                __vector_15
                0x0000008e                __vector_14
                0x0000008e                __vector_18
                0x0000008e                __vector_20
                0x00000092                . = ALIGN (0x2)
 *(.text.*)
 .text.Print_TranslatedGesture
                0x00000092      0x178 APP/main.o
                0x00000092                Print_TranslatedGesture
 .text.main     0x0000020a       0xc4 APP/main.o
                0x0000020a                main
 .text.LCD_enuLatch
                0x000002ce       0xca HAL/LCD/LCD_Prog.o
 .text.LCD_enuInit
                0x00000398       0xda HAL/LCD/LCD_Prog.o
                0x00000398                LCD_enuInit
 .text.LCD_enuWriteCommand
                0x00000472       0x28 HAL/LCD/LCD_Prog.o
                0x00000472                LCD_enuWriteCommand
 .text.LCD_enuWriteData
                0x0000049a       0x28 HAL/LCD/LCD_Prog.o
                0x0000049a                LCD_enuWriteData
 .text.LCD_enuWriteString
                0x000004c2       0x30 HAL/LCD/LCD_Prog.o
                0x000004c2                LCD_enuWriteString
 .text.LCD_enuWriteIntegerNum
                0x000004f2       0xbe HAL/LCD/LCD_Prog.o
                0x000004f2                LCD_enuWriteIntegerNum
 .text.LCD_enuGoToPosition
                0x000005b0       0x36 HAL/LCD/LCD_Prog.o
                0x000005b0                LCD_enuGoToPosition
 .text.ADC_Init
                0x000005e6       0x1e MCAL/ADC/ADC_Prog.o
                0x000005e6                ADC_Init
 .text.ADC_Start
                0x00000604        0x8 MCAL/ADC/ADC_Prog.o
                0x00000604                ADC_Start
 .text.ADC_Callback
                0x0000060c       0x32 MCAL/ADC/ADC_Prog.o
                0x0000060c                ADC_Callback
 .text.__vector_16
                0x0000063e       0xc8 MCAL/ADC/ADC_Prog.o
                0x0000063e                __vector_16
 .text.M_DIO_enuSetPinDirection
                0x00000706      0x126 MCAL/DIO/DIO_Prog.o
                0x00000706                M_DIO_enuSetPinDirection
 .text.M_DIO_enuSetPinValue
                0x0000082c      0x126 MCAL/DIO/DIO_Prog.o
                0x0000082c                M_DIO_enuSetPinValue
 .text.__vector_1
                0x00000952       0x5a MCAL/EXTI/EXTI_Prog.o
                0x00000952                __vector_1
 .text.__vector_2
                0x000009ac       0x5a MCAL/EXTI/EXTI_Prog.o
                0x000009ac                __vector_2
 .text.__vector_3
                0x00000a06       0x5a MCAL/EXTI/EXTI_Prog.o
                0x00000a06                __vector_3
 .text.__vector_11
                0x00000a60       0x96 MCAL/TIMER0/TIMER0_Prog.o
                0x00000a60                __vector_11
 .text.__vector_10
                0x00000af6       0xa6 MCAL/TIMER0/TIMER0_Prog.o
                0x00000af6                __vector_10
 .text.__vector_6
                0x00000b9c       0x14 MCAL/TIMER1/TIMER1_Prog.o
                0x00000b9c                __vector_6
 .text.__vector_7
                0x00000bb0       0x94 MCAL/TIMER1/TIMER1_Prog.o
                0x00000bb0                __vector_7
 .text.__vector_8
                0x00000c44       0x94 MCAL/TIMER1/TIMER1_Prog.o
                0x00000c44                __vector_8
 .text.__vector_9
                0x00000cd8       0xb2 MCAL/TIMER1/TIMER1_Prog.o
                0x00000cd8                __vector_9
 .text.libgcc.div
                0x00000d8a       0x44 c:/program files (x86)/atmel/studio/7.0/toolchain/avr8/avr8-gnu-toolchain/bin/../lib/gcc/avr/5.4.0/avr5\libgcc.a(_udivmodsi4.o)
                0x00000d8a                __udivmodsi4
                0x00000dce                . = ALIGN (0x2)
 *(.fini9)
 .fini9         0x00000dce        0x0 c:/program files (x86)/atmel/studio/7.0/toolchain/avr8/avr8-gnu-toolchain/bin/../lib/gcc/avr/5.4.0/avr5\libgcc.a(_exit.o)
                0x00000dce                _exit
                0x00000dce                exit
 *(.fini9)
 *(.fini8)
 *(.fini8)
 *(.fini7)
 *(.fini7)
 *(.fini6)
 *(.fini6)
 *(.fini5)
 *(.fini5)
 *(.fini4)
 *(.fini4)
 *(.fini3)
 *(.fini3)
 *(.fini2)
 *(.fini2)
 *(.fini1)
 *(.fini1)
 *(.fini0)
 .fini0         0x00000dce        0x4 c:/program files (x86)/atmel/studio/7.0/toolchain/avr8/avr8-gnu-toolchain/bin/../lib/gcc/avr/5.4.0/avr5\libgcc.a(_exit.o)
 *(.fini0)
                0x00000dd2                _etext = .

.data           0x00800060       0x8e load address 0x00000dd2
                0x00800060                PROVIDE (__data_start, .)
 *(.data)
 *(.data*)
 .data.Translatation
                0x00800060        0xc APP/main.o
                0x00800060                Translatation
 .data.Signs    0x0080006c       0x3c APP/main.o
                0x0080006c                Signs
 .data.channel.1691
                0x008000a8        0x1 MCAL/ADC/ADC_Prog.o
 *(.gnu.linkonce.d*)
 *(.rodata)
 *(.rodata*)
 .rodata.str1.1
                0x008000a9       0x45 APP/main.o
 *(.gnu.linkonce.r*)
                0x008000ee                . = ALIGN (0x2)
                0x008000ee                _edata = .
                0x008000ee                PROVIDE (__data_end, .)

.bss            0x008000ee       0x46
                0x008000ee                PROVIDE (__bss_start, .)
 *(.bss)
 *(.bss*)
 .bss.ADC_pinky
                0x008000ee        0x2 MCAL/ADC/ADC_Prog.o
 .bss.ADC_ring  0x008000f0        0x2 MCAL/ADC/ADC_Prog.o
 .bss.ADC_middle
                0x008000f2        0x2 MCAL/ADC/ADC_Prog.o
 .bss.ADC_indexfinger
                0x008000f4        0x2 MCAL/ADC/ADC_Prog.o
 .bss.ADC_thumb
                0x008000f6        0x2 MCAL/ADC/ADC_Prog.o
 .bss.AvpAppParameter
                0x008000f8        0x6 MCAL/EXTI/EXTI_Prog.o
 .bss.ApFunApp  0x008000fe        0x6 MCAL/EXTI/EXTI_Prog.o
 .bss.counter.1710
                0x00800104        0x4 MCAL/TIMER0/TIMER0_Prog.o
 .bss.counter.1704
                0x00800108        0x4 MCAL/TIMER0/TIMER0_Prog.o
 .bss.vpAppParameter
                0x0080010c        0x2 MCAL/TIMER0/TIMER0_Prog.o
 .bss.pFunApp   0x0080010e        0x2 MCAL/TIMER0/TIMER0_Prog.o
 .bss.Num_OCM   0x00800110        0x4 MCAL/TIMER0/TIMER0_Prog.o
 .bss.counter.1717
                0x00800114        0x4 MCAL/TIMER1/TIMER1_Prog.o
 .bss.counter.1711
                0x00800118        0x4 MCAL/TIMER1/TIMER1_Prog.o
 .bss.counter.1705
                0x0080011c        0x4 MCAL/TIMER1/TIMER1_Prog.o
 .bss.vpAppParameter
                0x00800120        0x2 MCAL/TIMER1/TIMER1_Prog.o
 .bss.pFunApp   0x00800122        0x2 MCAL/TIMER1/TIMER1_Prog.o
 .bss.Preload   0x00800124        0x2 MCAL/TIMER1/TIMER1_Prog.o
 .bss.Num_OVF   0x00800126        0x4 MCAL/TIMER1/TIMER1_Prog.o
 *(COMMON)
 COMMON         0x0080012a        0xa APP/main.o
                0x0080012a                middle
                0x0080012c                indexfinger
                0x0080012e                pinky
                0x00800130                ring
                0x00800132                thumb
                0x00800134                PROVIDE (__bss_end, .)
                0x00000dd2                __data_load_start = LOADADDR (.data)
                0x00000e60                __data_load_end = (__data_load_start + SIZEOF (.data))

.noinit         0x00800134        0x0
                [!provide]                PROVIDE (__noinit_start, .)
 *(.noinit*)
                [!provide]                PROVIDE (__noinit_end, .)
                0x00800134                _end = .
                [!provide]                PROVIDE (__heap_start, .)

.eeprom         0x00810000        0x0
 *(.eeprom*)
                0x00810000                __eeprom_end = .

.fuse
 *(.fuse)
 *(.lfuse)
 *(.hfuse)
 *(.efuse)

.lock
 *(.lock*)

.signature
 *(.signature*)

.user_signatures
 *(.user_signatures*)

.stab
 *(.stab)

.stabstr
 *(.stabstr)

.stab.excl
 *(.stab.excl)

.stab.exclstr
 *(.stab.exclstr)

.stab.index
 *(.stab.index)

.stab.indexstr
 *(.stab.indexstr)

.comment        0x00000000       0x30
 *(.comment)
 .comment       0x00000000       0x30 APP/main.o
                                 0x31 (size before relaxing)
 .comment       0x00000030       0x31 HAL/LCD/LCD_Prog.o
 .comment       0x00000030       0x31 MCAL/ADC/ADC_Prog.o
 .comment       0x00000030       0x31 MCAL/DIO/DIO_Prog.o
 .comment       0x00000030       0x31 MCAL/EXTI/EXTI_Prog.o
 .comment       0x00000030       0x31 MCAL/TIMER0/TIMER0_Prog.o
 .comment       0x00000030       0x31 MCAL/TIMER1/TIMER1_Prog.o

.note.gnu.avr.deviceinfo
                0x00000000       0x3c
 .note.gnu.avr.deviceinfo
                0x00000000       0x3c C:/Program Files (x86)/Atmel/Studio/7.0/Packs/atmel/ATmega_DFP/1.6.364/gcc/dev/atmega32/avr5/crtatmega32.o

.note.gnu.build-id
 *(.note.gnu.build-id)

.debug
 *(.debug)

.line
 *(.line)

.debug_srcinfo
 *(.debug_srcinfo)

.debug_sfnames
 *(.debug_sfnames)

.debug_aranges  0x00000000      0x268
 *(.debug_aranges)
 .debug_aranges
                0x00000000       0x28 APP/main.o
 .debug_aranges
                0x00000028       0x68 HAL/LCD/LCD_Prog.o
 .debug_aranges
                0x00000090       0x40 MCAL/ADC/ADC_Prog.o
 .debug_aranges
                0x000000d0       0x40 MCAL/DIO/DIO_Prog.o
 .debug_aranges
                0x00000110       0x58 MCAL/EXTI/EXTI_Prog.o
 .debug_aranges
                0x00000168       0x78 MCAL/TIMER0/TIMER0_Prog.o
 .debug_aranges
                0x000001e0       0x88 MCAL/TIMER1/TIMER1_Prog.o

.debug_pubnames
 *(.debug_pubnames)

.debug_info     0x00000000     0x2683
 *(.debug_info .gnu.linkonce.wi.*)
 .debug_info    0x00000000      0x4e6 C:/Program Files (x86)/Atmel/Studio/7.0/Packs/atmel/ATmega_DFP/1.6.364/gcc/dev/atmega32/avr5/crtatmega32.o
 .debug_info    0x000004e6      0x598 APP/main.o
 .debug_info    0x00000a7e      0xc6b HAL/LCD/LCD_Prog.o
 .debug_info    0x000016e9      0x1fe MCAL/ADC/ADC_Prog.o
 .debug_info    0x000018e7      0x3a4 MCAL/DIO/DIO_Prog.o
 .debug_info    0x00001c8b      0x335 MCAL/EXTI/EXTI_Prog.o
 .debug_info    0x00001fc0      0x342 MCAL/TIMER0/TIMER0_Prog.o
 .debug_info    0x00002302      0x381 MCAL/TIMER1/TIMER1_Prog.o

.debug_abbrev   0x00000000      0xd74
 *(.debug_abbrev)
 .debug_abbrev  0x00000000      0x4a3 C:/Program Files (x86)/Atmel/Studio/7.0/Packs/atmel/ATmega_DFP/1.6.364/gcc/dev/atmega32/avr5/crtatmega32.o
 .debug_abbrev  0x000004a3      0x19c APP/main.o
 .debug_abbrev  0x0000063f      0x1c7 HAL/LCD/LCD_Prog.o
 .debug_abbrev  0x00000806       0xcd MCAL/ADC/ADC_Prog.o
 .debug_abbrev  0x000008d3       0xde MCAL/DIO/DIO_Prog.o
 .debug_abbrev  0x000009b1      0x12b MCAL/EXTI/EXTI_Prog.o
 .debug_abbrev  0x00000adc      0x140 MCAL/TIMER0/TIMER0_Prog.o
 .debug_abbrev  0x00000c1c      0x158 MCAL/TIMER1/TIMER1_Prog.o

.debug_line     0x00000000     0x1800
 *(.debug_line .debug_line.* .debug_line_end)
 .debug_line    0x00000000      0x116 C:/Program Files (x86)/Atmel/Studio/7.0/Packs/atmel/ATmega_DFP/1.6.364/gcc/dev/atmega32/avr5/crtatmega32.o
 .debug_line    0x00000116      0x326 APP/main.o
 .debug_line    0x0000043c      0x524 HAL/LCD/LCD_Prog.o
 .debug_line    0x00000960      0x18c MCAL/ADC/ADC_Prog.o
 .debug_line    0x00000aec      0x3bd MCAL/DIO/DIO_Prog.o
 .debug_line    0x00000ea9      0x387 MCAL/EXTI/EXTI_Prog.o
 .debug_line    0x00001230      0x2bf MCAL/TIMER0/TIMER0_Prog.o
 .debug_line    0x000014ef      0x311 MCAL/TIMER1/TIMER1_Prog.o

.debug_frame    0x00000000      0x780
 *(.debug_frame)
 .debug_frame   0x00000000       0x44 APP/main.o
 .debug_frame   0x00000044      0x148 HAL/LCD/LCD_Prog.o
 .debug_frame   0x0000018c       0x90 MCAL/ADC/ADC_Prog.o
 .debug_frame   0x0000021c       0x64 MCAL/DIO/DIO_Prog.o
 .debug_frame   0x00000280      0x16c MCAL/EXTI/EXTI_Prog.o
 .debug_frame   0x000003ec      0x194 MCAL/TIMER0/TIMER0_Prog.o
 .debug_frame   0x00000580      0x200 MCAL/TIMER1/TIMER1_Prog.o

.debug_str      0x00000000      0xcea
 *(.debug_str)
 .debug_str     0x00000000      0x196 C:/Program Files (x86)/Atmel/Studio/7.0/Packs/atmel/ATmega_DFP/1.6.364/gcc/dev/atmega32/avr5/crtatmega32.o
 .debug_str     0x00000196      0x330 APP/main.o
                                0x39c (size before relaxing)
 .debug_str     0x000004c6      0x204 HAL/LCD/LCD_Prog.o
                                0x461 (size before relaxing)
 .debug_str     0x000006ca       0xeb MCAL/ADC/ADC_Prog.o
                                0x285 (size before relaxing)
 .debug_str     0x000007b5       0xf5 MCAL/DIO/DIO_Prog.o
                                0x311 (size before relaxing)
 .debug_str     0x000008aa      0x181 MCAL/EXTI/EXTI_Prog.o
                                0x34c (size before relaxing)
 .debug_str     0x00000a2b      0x1bc MCAL/TIMER0/TIMER0_Prog.o
                                0x39b (size before relaxing)
 .debug_str     0x00000be7      0x103 MCAL/TIMER1/TIMER1_Prog.o
                                0x3a1 (size before relaxing)

.debug_loc      0x00000000     0x1d5f
 *(.debug_loc)
 .debug_loc     0x00000000      0x13f APP/main.o
 .debug_loc     0x0000013f      0xa7f HAL/LCD/LCD_Prog.o
 .debug_loc     0x00000bbe       0xb9 MCAL/ADC/ADC_Prog.o
 .debug_loc     0x00000c77      0x27a MCAL/DIO/DIO_Prog.o
 .debug_loc     0x00000ef1      0x60e MCAL/EXTI/EXTI_Prog.o
 .debug_loc     0x000014ff      0x3dd MCAL/TIMER0/TIMER0_Prog.o
 .debug_loc     0x000018dc      0x483 MCAL/TIMER1/TIMER1_Prog.o

.debug_macinfo
 *(.debug_macinfo)

.debug_weaknames
 *(.debug_weaknames)

.debug_funcnames
 *(.debug_funcnames)

.debug_typenames
 *(.debug_typenames)

.debug_varnames
 *(.debug_varnames)

.debug_pubtypes
 *(.debug_pubtypes)

.debug_ranges   0x00000000      0x2b8
 *(.debug_ranges)
 .debug_ranges  0x00000000       0x18 APP/main.o
 .debug_ranges  0x00000018       0xa0 HAL/LCD/LCD_Prog.o
 .debug_ranges  0x000000b8       0x30 MCAL/ADC/ADC_Prog.o
 .debug_ranges  0x000000e8       0x90 MCAL/DIO/DIO_Prog.o
 .debug_ranges  0x00000178       0x60 MCAL/EXTI/EXTI_Prog.o
 .debug_ranges  0x000001d8       0x68 MCAL/TIMER0/TIMER0_Prog.o
 .debug_ranges  0x00000240       0x78 MCAL/TIMER1/TIMER1_Prog.o

.debug_macro
 *(.debug_macro)
OUTPUT(ATMega32_Complete.elf elf32-avr)
LOAD linker stubs
